[tavonline.net/html/mat/realtor/index.html]
[backblue.gif]
[fade.gif]
[index.html]
[tavonline.net/html/mat/realtor/favicon.ico]
[tavonline.net/html/mat/realtor/css/bootstrap.css]
[tavonline.net/html/mat/realtor/css/reset.css]
[tavonline.net/html/mat/realtor/cubeportfolio/css/cubeportfolio.min.css]
[tavonline.net/html/mat/realtor/css/owl.theme.css]
[tavonline.net/html/mat/realtor/css/owl.carousel.css]
[tavonline.net/html/mat/realtor/css/style.css]
[tavonline.net/html/mat/realtor/css/colors/green2.css]
[tavonline.net/html/mat/realtor/icon-fonts/font-awesome-4.7.0/css/font-awesome.min.css]
[tavonline.net/html/mat/realtor/icon-fonts/real-estate/flaticon.css]
[tavonline.net/html/mat/realtor/images/profile.jpg]
[tavonline.net/html/mat/realtor/portfolio-detail/work-03.html]
[tavonline.net/html/mat/realtor/images/works/work-05.jpg]
[tavonline.net/html/mat/realtor/images/works/work-06.jpg]
[tavonline.net/html/mat/realtor/images/works/work-02.jpg]
[tavonline.net/html/mat/realtor/images/works/work-04.jpg]
[tavonline.net/html/mat/realtor/images/client-01.jpg]
[tavonline.net/html/mat/realtor/images/client-02.jpg]
[tavonline.net/html/mat/realtor/images/client-03.jpg]
[tavonline.net/html/mat/realtor/images/client-04.jpg]
[tavonline.net/html/mat/realtor/images/testimonial-1.jpg]
[tavonline.net/html/mat/realtor/images/testimonial-2.jpg]
[tavonline.net/html/mat/realtor/images/testimonial-3.jpg]
[tavonline.net/html/mat/realtor/images/works/work-01.jpg]
[tavonline.net/html/mat/realtor/images/works/work-03.jpg]
[tavonline.net/html/mat/realtor/load-more/portfolio.html]
[tavonline.net/html/mat/realtor/blog-posts/blog-1.html]
[tavonline.net/html/mat/realtor/images/blogs/blog-6.jpg]
[tavonline.net/html/mat/realtor/blog-posts/blog-video-version.html]
[tavonline.net/html/mat/realtor/images/blogs/blog-2.jpg]
[tavonline.net/html/mat/realtor/blog-posts/blog-music-version.html]
[tavonline.net/html/mat/realtor/images/blogs/blog-3.jpg]
[tavonline.net/html/mat/realtor/images/blogs/blog-4.jpg]
[tavonline.net/html/mat/realtor/images/blogs/blog-5.jpg]
[tavonline.net/html/mat/realtor/load-more/blog-posts.html]
[tavonline.net/html/mat/realtor/js/jquery.easytabs.min.js]
[tavonline.net/html/mat/realtor/js/bootstrap.min.js]
[tavonline.net/html/mat/realtor/js/owl.carousel.min.js]
[tavonline.net/html/mat/realtor/cubeportfolio/js/jquery.cubeportfolio.min.js]
[tavonline.net/html/mat/realtor/js/main.js]
[tavonline.net/html/mat/realtor/js/jquery-2.1.4.min.js]
[tavonline.net/html/mat/realtor/js/jquery.cookie-1.4.1.min.js]
[tavonline.net/html/mat/realtor/js/Demo.js]
[tavonline.net/html/mat/realtor/css/Demo.min.css]
[tavonline.net/html/mat/realtor/index.html]
[tavonline.net/html/mat/realtor/css/bootstrap.css]
[tavonline.net/html/mat/realtor/css/reset.css]
[tavonline.net/html/mat/realtor/cubeportfolio/img/cbp-sprite.png]
[tavonline.net/html/mat/realtor/cubeportfolio/css/cubeportfolio.min.css]
[tavonline.net/html/mat/realtor/css/owl.theme.css]
[tavonline.net/html/mat/realtor/css/owl.carousel.css]
[tavonline.net/html/mat/realtor/images/spinner.jpg]
[tavonline.net/html/mat/realtor/images/glasses-w.png]
[tavonline.net/html/mat/realtor/images/sprite.png]
[tavonline.net/html/mat/realtor/css/style.css]
[tavonline.net/html/mat/realtor/css/colors/green2.css]
[tavonline.net/html/mat/realtor/icon-fonts/font-awesome-4.7.0/fonts/fontawesome-webfont3e6e.eot]
[tavonline.net/html/mat/realtor/icon-fonts/font-awesome-4.7.0/fonts/fontawesome-webfontd41d.eot]
[tavonline.net/html/mat/realtor/icon-fonts/font-awesome-4.7.0/fonts/fontawesome-webfont3e6e.woff2]
[tavonline.net/html/mat/realtor/icon-fonts/font-awesome-4.7.0/fonts/fontawesome-webfont3e6e.woff]
[tavonline.net/html/mat/realtor/icon-fonts/font-awesome-4.7.0/fonts/fontawesome-webfont3e6e.svg]
[tavonline.net/html/mat/realtor/icon-fonts/font-awesome-4.7.0/css/font-awesome.min.css]
[tavonline.net/html/mat/realtor/icon-fonts/real-estate/Flaticon.eot]
[tavonline.net/html/mat/realtor/icon-fonts/real-estate/Flaticon.woff]
[tavonline.net/html/mat/realtor/icon-fonts/real-estate/Flaticond41d.eot]
[tavonline.net/html/mat/realtor/icon-fonts/real-estate/Flaticon.ttf]
[tavonline.net/html/mat/realtor/icon-fonts/real-estate/Flaticon.svg]
[tavonline.net/html/mat/realtor/icon-fonts/real-estate/flaticon.css]
[tavonline.net/html/mat/realtor/portfolio-detail/work-03.html]
[tavonline.net/html/mat/realtor/load-more/portfolio.html]
[tavonline.net/html/mat/realtor/images/glasses.png]
[tavonline.net/html/mat/realtor/images/blogs/blog-1.jpg]
[tavonline.net/html/mat/realtor/images/image.jpg]
[tavonline.net/html/mat/realtor/js/subpage-demo.js]
[tavonline.net/html/mat/realtor/blog-posts/blog-1.html]
[tavonline.net/html/mat/realtor/blog-posts/blog-video-version.html]
[tavonline.net/html/mat/realtor/blog-posts/blog-music-version.html]
[tavonline.net/html/mat/realtor/load-more/blog-posts.html]
[tavonline.net/html/mat/realtor/css/Demo.min.css]
[tavonline.net/html/mat/realtor/fonts/glyphicons-halflings-regular.html]
[tavonline.net/html/mat/realtor/fonts/glyphicons-halflings-regulard41d.html]
[tavonline.net/html/mat/realtor/fonts/glyphicons-halflings-regular-2.html]
[tavonline.net/html/mat/realtor/fonts/glyphicons-halflings-regular-3.html]
[tavonline.net/html/mat/realtor/fonts/glyphicons-halflings-regular-4.html]
[tavonline.net/html/mat/realtor/fonts/glyphicons-halflings-regular-5.html]
[tavonline.net/html/mat/realtor/css/AjaxLoader.html]
[tavonline.net/html/mat/realtor/icon-fonts/font-awesome-4.7.0/fonts/fontawesome-webfont3e6e.ttf]
[tavonline.net/html/mat/realtor/icon-fonts/font-awesome-4.7.0/fonts/fontawesome-webfont3e6e.svg]
[tavonline.net/html/mat/realtor/icon-fonts/real-estate/Flaticon.svg]
[tavonline.net/html/mat/realtor/portfolio-detail/images/portfolio-content/image-1.html]
[tavonline.net/html/mat/realtor/portfolio-detail/images/portfolio-content/image-3.html]
[tavonline.net/html/mat/realtor/portfolio-detail/images/portfolio-content/image-4.html]
[tavonline.net/html/mat/realtor/portfolio-detail/images/portfolio-content/image-2.html]
[tavonline.net/html/mat/realtor/load-more/portfolio-detail/work-03.html]
[tavonline.net/html/mat/realtor/load-more/images/works/work-03.html]
[tavonline.net/html/mat/realtor/load-more/images/works/work-01.html]
[tavonline.net/html/mat/realtor/blog-posts/favicon.html]
[tavonline.net/html/mat/realtor/load-more/blog-posts/blog-1.html]
[tavonline.net/html/mat/realtor/load-more/images/blogs/blog-4.html]
[tavonline.net/html/mat/realtor/load-more/images/blogs/blog-5.html]
[tavonline.net/html/mat/realtor/load-more/images/blogs/blog-6.html]
[tavonline.net/html/mat/realtor/images/person.jpg]
